Microchip MPLAB XC8 Compiler V2.40

Linker command line:

-W-3 \
  --edf=C:\Program Files\Microchip\xc8\v2.40\pic\dat\20220703182018_en.msgs \
  -cn -h+dist/default/production\Proyecto.X.production.sym \
  --cmf=dist/default/production\Proyecto.X.production.cmf -z -Q18F46K20 \
  -oC:\Users\cc\AppData\Local\Temp\xcAsaq8.4 --defsym=__MPLAB_BUILD=1 \
  --fixupoverflow=error -Mdist/default/production/Proyecto.X.production.map \
  --md=C:\Users\cc\AppData\Local\Temp\xcAsaq8.dat -E1 -ver=XC8 Compiler \
  --acfsm=1493 -ACODE=00h-0FFFFh -ACONST=00h-0FFFFh \
  -ASMALLCONST=01000h-010FFhx240 -AMEDIUMCONST=01000h-0FFFFh \
  -ACOMRAM=01h-05Fh -AABS1=00h-0F5Fh -ABIGRAM=01h-0F5Fh \
  -ARAM=060h-0FFh,0100h-01FFhx14,0F00h-0F5Fh -ABANK0=060h-0FFh \
  -ABANK1=0100h-01FFh -ABANK2=0200h-02FFh -ABANK3=0300h-03FFh \
  -ABANK4=0400h-04FFh -ABANK5=0500h-05FFh -ABANK6=0600h-06FFh \
  -ABANK7=0700h-07FFh -ABANK8=0800h-08FFh -ABANK9=0900h-09FFh \
  -ABANK10=0A00h-0AFFh -ABANK11=0B00h-0BFFh -ABANK12=0C00h-0CFFh \
  -ABANK13=0D00h-0DFFh -ABANK14=0E00h-0EFFh -ABANK15=0F00h-0F5Fh \
  -ASFR=0F60h-0FFFh -ABIGSFR=0F60h-0FFFh -ACONFIG=0300000h-030000Dh \
  -AIDLOC=0200000h-0200007h -AEEDATA=0F00000h-0F003FFh -peeprom_data=EEDATA \
  -preset_vec=00h,intcode=08h,intcodelo,powerup,init -pramtop=01000h \
  -psmallconst=SMALLCONST -pmediumconst=MEDIUMCONST -pconst=CONST \
  -AFARRAM=00h-00h \
  -prdata=COMRAM,nvrram=COMRAM,nvbit=COMRAM,rbss=COMRAM,rbit=COMRAM \
  -pfarbss=FARRAM,fardata=FARRAM,nvFARRAM=FARRAM \
  -pintsave_regs=BIGRAM,bigbss=BIGRAM,bigdata=BIGRAM -pbss=RAM \
  -pidata=CODE,irdata=CODE,ibigdata=CODE,ifardata=CODE -prparam=COMRAM \
  C:\Users\cc\AppData\Local\Temp\xcAsaq8.o \
  dist/default/production\Proyecto.X.production.o 

Object code version is 3.11

Machine type is 18F46K20



                Name                               Link     Load   Length Selector   Space Scale
C:\Users\cc\AppData\Local\Temp\xcAsaq8.o
                config                           300000   300000        E        0       4
                init                                 20       20        4        4       0
                reset_vec                             0        0        4        0       0
dist/default/production\Proyecto.X.production.o
                intcode                               8        8       18        4       0
                config                           300000   300000        E        0       4
                temp                                 5E       5E        1        1       1
                text36                              D04      D04        A        4       0
                text34                              CFA      CFA        A        4       0
                text33                              B96      B96       34        4       0
                text32                              CCC      CCC       12        4       0
                text31                              CEE      CEE        C        4       0
                text30                              BF6      BF6       1E        4       0
                text29                              C80      C80       16        4       0
                text28                              5E6      5E6      104        4       0
                text27                              1F2      1F2      1B4        4       0
                text26                              A6A      A6A       6A        4       0
                text25                              CBA      CBA       12        4       0
                text24                              B5E      B5E       38        4       0
                text23                              B26      B26       38        4       0
                text22                              C4C      C4C       1C        4       0
                text21                              C30      C30       1C        4       0
                text20                              3A6      3A6      124        4       0
                text19                              D22      D22        4        4       0
                text18                              D1E      D1E        4        4       0
                text17                              8FE      8FE       96        4       0
                text16                              84E      84E       B0        4       0
                text15                              A00      A00       6A        4       0
                text14                              994      994       6C        4       0
                text13                              79C      79C       B2        4       0
                text12                              6EA      6EA       B2        4       0
                text11                              D26      D26        2        4       0
                text10                              CA8      CA8       12        4       0
                text9                               C96      C96       12        4       0
                text8                               4CA      4CA      11C        4       0
                text7                               D14      D14        6        4       0
                text6                               D1A      D1A        4        4       0
                text5                               D0E      D0E        6        4       0
                text4                               C68      C68       18        4       0
                text3                               C14      C14       1C        4       0
                text2                                24       24      1CE        4       0
                text1                               AD4      AD4       52        4       0
                text0                               CDE      CDE       10        4       0
                cstackCOMRAM                          1        1       3E        1       1
                dataCOMRAM                           5D       5D        1        1       1
                bssCOMRAM                            3F       3F       16        1       1
                cinit                               BCA      BCA       2C        4       0
                nvBANK0                              60       60        2       60       1
                nvCOMRAM                             55       55        8        1       1
                idataCOMRAM                         D28      D28        1        4       0

TOTAL           Name                               Link     Load   Length     Space
        CLASS   CODE           
                intcode                               8        8       18         0
                init                                 20       20        4         0
                reset_vec                             0        0        4         0
                text36                              D04      D04        A         0
                text34                              CFA      CFA        A         0
                text33                              B96      B96       34         0
                text32                              CCC      CCC       12         0
                text31                              CEE      CEE        C         0
                text30                              BF6      BF6       1E         0
                text29                              C80      C80       16         0
                text28                              5E6      5E6      104         0
                text27                              1F2      1F2      1B4         0
                text26                              A6A      A6A       6A         0
                text25                              CBA      CBA       12         0
                text24                              B5E      B5E       38         0
                text23                              B26      B26       38         0
                text22                              C4C      C4C       1C         0
                text21                              C30      C30       1C         0
                text20                              3A6      3A6      124         0
                text19                              D22      D22        4         0
                text18                              D1E      D1E        4         0
                text17                              8FE      8FE       96         0
                text16                              84E      84E       B0         0
                text15                              A00      A00       6A         0
                text14                              994      994       6C         0
                text13                              79C      79C       B2         0
                text12                              6EA      6EA       B2         0
                text11                              D26      D26        2         0
                text10                              CA8      CA8       12         0
                text9                               C96      C96       12         0
                text8                               4CA      4CA      11C         0
                text7                               D14      D14        6         0
                text6                               D1A      D1A        4         0
                text5                               D0E      D0E        6         0
                text4                               C68      C68       18         0
                text3                               C14      C14       1C         0
                text2                                24       24      1CE         0
                text1                               AD4      AD4       52         0
                text0                               CDE      CDE       10         0
                cinit                               BCA      BCA       2C         0
                idataCOMRAM                         D28      D28        1         0

        CLASS   CONST          

        CLASS   SMALLCONST     

        CLASS   MEDIUMCONST    

        CLASS   COMRAM         
                temp                                 5E       5E        1         1
                cstackCOMRAM                          1        1       3E         1
                dataCOMRAM                           5D       5D        1         1
                bssCOMRAM                            3F       3F       16         1
                nvCOMRAM                             55       55        8         1

        CLASS   ABS1           

        CLASS   BIGRAM         

        CLASS   RAM            

        CLASS   BANK0          
                nvBANK0                              60       60        2         1

        CLASS   BANK1          

        CLASS   BANK2          

        CLASS   BANK3          

        CLASS   BANK4          

        CLASS   BANK5          

        CLASS   BANK6          

        CLASS   BANK7          

        CLASS   BANK8          

        CLASS   BANK9          

        CLASS   BANK10         

        CLASS   BANK11         

        CLASS   BANK12         

        CLASS   BANK13         

        CLASS   BANK14         

        CLASS   BANK15         

        CLASS   SFR            

        CLASS   BIGSFR         

        CLASS   CONFIG         
                config                           300000   300000        E         4

        CLASS   IDLOC          

        CLASS   EEDATA         

        CLASS   FARRAM         

        CLASS   HEAP           

        CLASS   STACK          



SEGMENTS        Name                           Load    Length   Top    Selector   Space  Class

                reset_vec                      000000  000004  000004         0       0  CODE    
                cstackCOMRAM                   000001  00005E  00005F         1       1  COMRAM  
                intcode                        000008  000D21  000D29         4       0  CODE    
                nvBANK0                        000060  000002  000062        60       1  BANK0   


UNUSED ADDRESS RANGES

        Name                Unused          Largest block    Delta
        BANK0            000062-0000FF               9E
        BANK1            000100-0001FF              100
        BANK10           000A00-000AFF              100
        BANK11           000B00-000BFF              100
        BANK12           000C00-000CFF              100
        BANK13           000D00-000DFF              100
        BANK14           000E00-000EFF              100
        BANK15           000F00-000F5F               60
        BANK2            000200-0002FF              100
        BANK3            000300-0003FF              100
        BANK4            000400-0004FF              100
        BANK5            000500-0005FF              100
        BANK6            000600-0006FF              100
        BANK7            000700-0007FF              100
        BANK8            000800-0008FF              100
        BANK9            000900-0009FF              100
        BIGRAM           00005F-00005F                1
                         000062-000F5F              EFE
        BIGSFR           000F60-000FFF               A0
        CODE             000004-000007                4
                         000D29-00FFFF             F2D7
        COMRAM           00005F-00005F                1
        CONST            000004-000007                4
                         000D29-00FFFF             F2D7
        EEDATA           F00000-F003FF              400
        IDLOC            200000-200007                8
        MEDIUMCONST      001000-00FFFF             F000
        RAM              000062-000F5F              100
        SFR              000F60-000FFF               A0
        SMALLCONST       001000-00FFFF              100

                                  Symbol Table

?_INTENSIDAd                        cstackCOMRAM 000037
?_LED                               cstackCOMRAM 000001
?_MDE4                              cstackCOMRAM 00003B
?_SWITCH                            cstackCOMRAM 000037
?___awmod                           cstackCOMRAM 000013
?___lmul                            cstackCOMRAM 000001
?___xxtofl                          cstackCOMRAM 000019
?_e_antirebote                      cstackCOMRAM 000033
?_e_noSimular                       cstackCOMRAM 000033
?_e_simular                         cstackCOMRAM 000033
?_rand                              cstackCOMRAM 00000D
?_s_llave_down                      cstackCOMRAM 000001
?_s_llave_off                       cstackCOMRAM 000001
?_s_llave_on                        cstackCOMRAM 000001
?_s_llave_up                        cstackCOMRAM 000001
INTENSIDAd@Estado                   cstackCOMRAM 000037
LED@Estado                          cstackCOMRAM 000001
MDE4@Estado                         cstackCOMRAM 00003B
MaquinaDeEstados@estados_INTENSIDAd nvCOMRAM     000055
MaquinaDeEstados@estados_LED        nvCOMRAM     000059
MaquinaDeEstados@estados_MDE4       nvBANK0      000060
MaquinaDeEstados@estados_SWITCH     nvCOMRAM     000057
SWITCH@Estado                       cstackCOMRAM 000037
_ANSEL                              (abs)        000F7E
_ANSELH                             (abs)        000F7F
_High_Priority_Interrupt            intcode      000008
_INTCON                             (abs)        000FF2
_INTCONbits                         (abs)        000FF2
_INTENSIDAd                         text20       0003A6
_Inicializar                        text29       000C80
_Inicializar_INTENSIDAd             text34       000CFA
_Inicializar_LED                    text33       000B96
_Inicializar_SWITCH                 text32       000CCC
_LATB                               (abs)        000F8A
_LATBbits                           (abs)        000F8A
_LATDbits                           (abs)        000F8C
_LED                                text17       0008FE
_MDE4                               text8        0004CA
_MaquinaDeEstados                   text1        000AD4
_OSCCON                             (abs)        000FD3
_PORTCbits                          (abs)        000F82
_SWITCH                             text2        000024
_T0CONbits                          (abs)        000FD5
_TMR0H                              (abs)        000FD7
_TMR0L                              (abs)        000FD6
_TRISB                              (abs)        000F93
_TRISCbits                          (abs)        000F94
_TRISDbits                          (abs)        000F95
__HRAM                              (abs)        000000
__Habs1                             abs1         000000
__Hbank0                            bank0        000000
__Hbank1                            bank1        000000
__Hbank10                           bank10       000000
__Hbank11                           bank11       000000
__Hbank12                           bank12       000000
__Hbank13                           bank13       000000
__Hbank14                           bank14       000000
__Hbank15                           bank15       000000
__Hbank2                            bank2        000000
__Hbank3                            bank3        000000
__Hbank4                            bank4        000000
__Hbank5                            bank5        000000
__Hbank6                            bank6        000000
__Hbank7                            bank7        000000
__Hbank8                            bank8        000000
__Hbank9                            bank9        000000
__Hbigbss                           bigbss       000000
__Hbigdata                          bigdata      000000
__Hbigram                           bigram       000000
__Hbigsfr                           bigsfr       000000
__Hbss                              bss          000000
__HbssCOMRAM                        bssCOMRAM    000000
__Hcinit                            cinit        000000
__Hclrtext                          clrtext      000000
__Hcomram                           comram       000000
__Hconfig                           config       30000E
__Hconst                            const        000000
__HcstackCOMRAM                     cstackCOMRAM 000000
__Hdata                             data         000000
__HdataCOMRAM                       dataCOMRAM   000000
__Heeprom_data                      eeprom_data  000000
__Hfarbss                           farbss       000000
__Hfardata                          fardata      000000
__Hheap                             heap         000000
__Hibigdata                         ibigdata     000000
__Hidata                            idata        000000
__HidataCOMRAM                      idataCOMRAM  000000
__Hidloc                            idloc        000000
__Hifardata                         ifardata     000000
__Hinit                             init         000024
__Hintcode                          intcode      000020
__Hintcode_body                     intcode_body 000000
__Hintcodelo                        intcodelo    000020
__Hintentry                         intentry     000000
__Hintret                           intret       000000
__Hintsave_regs                     intsave_regs 000000
__Hirdata                           irdata       000000
__Hmediumconst                      mediumconst  000000
__HnvBANK0                          nvBANK0      000000
__HnvCOMRAM                         nvCOMRAM     000000
__HnvFARRAM                         nvFARRAM     000000
__Hnvbit                            nvbit        000000
__Hnvrram                           nvrram       000000
__Hparam                            rparam       000000
__Hpowerup                          powerup      000020
__Hram                              ram          000000
__Hramtop                           ramtop       001000
__Hrbit                             rbit         000000
__Hrbss                             rbss         000000
__Hrdata                            rdata        000000
__Hreset_vec                        reset_vec    000004
__Hrparam                           rparam       000000
__Hsfr                              sfr          000000
__Hsmallconst                       smallconst   000000
__Hspace_0                          (abs)        001000
__Hspace_1                          (abs)        000062
__Hspace_2                          (abs)        000000
__Hspace_4                          (abs)        60000E
__Hstack                            stack        000000
__Hstruct                           struct       000000
__Htemp                             temp         00005F
__Htext                             text         000000
__Htext0                            text0        000000
__Htext1                            text1        000000
__Htext10                           text10       000000
__Htext11                           text11       000000
__Htext12                           text12       000000
__Htext13                           text13       000000
__Htext14                           text14       000000
__Htext15                           text15       000000
__Htext16                           text16       000000
__Htext17                           text17       000000
__Htext18                           text18       000000
__Htext19                           text19       000000
__Htext2                            text2        000000
__Htext20                           text20       000000
__Htext21                           text21       000000
__Htext22                           text22       000000
__Htext23                           text23       000000
__Htext24                           text24       000000
__Htext25                           text25       000000
__Htext26                           text26       000000
__Htext27                           text27       000000
__Htext28                           text28       000000
__Htext29                           text29       000000
__Htext3                            text3        000000
__Htext30                           text30       000000
__Htext31                           text31       000000
__Htext32                           text32       000000
__Htext33                           text33       000000
__Htext34                           text34       000000
__Htext36                           text36       000000
__Htext4                            text4        000000
__Htext5                            text5        000000
__Htext6                            text6        000000
__Htext7                            text7        000000
__Htext8                            text8        000000
__Htext9                            text9        000000
__LRAM                              (abs)        000001
__Labs1                             abs1         000000
__Lbank0                            bank0        000000
__Lbank1                            bank1        000000
__Lbank10                           bank10       000000
__Lbank11                           bank11       000000
__Lbank12                           bank12       000000
__Lbank13                           bank13       000000
__Lbank14                           bank14       000000
__Lbank15                           bank15       000000
__Lbank2                            bank2        000000
__Lbank3                            bank3        000000
__Lbank4                            bank4        000000
__Lbank5                            bank5        000000
__Lbank6                            bank6        000000
__Lbank7                            bank7        000000
__Lbank8                            bank8        000000
__Lbank9                            bank9        000000
__Lbigbss                           bigbss       000000
__Lbigdata                          bigdata      000000
__Lbigram                           bigram       000000
__Lbigsfr                           bigsfr       000000
__Lbss                              bss          000000
__LbssCOMRAM                        bssCOMRAM    000000
__Lcinit                            cinit        000000
__Lclrtext                          clrtext      000000
__Lcomram                           comram       000000
__Lconfig                           config       000000
__Lconst                            const        000000
__LcstackCOMRAM                     cstackCOMRAM 000000
__Ldata                             data         000000
__LdataCOMRAM                       dataCOMRAM   000000
__Leeprom_data                      eeprom_data  000000
__Lfarbss                           farbss       000000
__Lfardata                          fardata      000000
__Lheap                             heap         000000
__Libigdata                         ibigdata     000000
__Lidata                            idata        000000
__LidataCOMRAM                      idataCOMRAM  000000
__Lidloc                            idloc        000000
__Lifardata                         ifardata     000000
__Linit                             init         000020
__Lintcode                          intcode      000008
__Lintcode_body                     intcode_body 000000
__Lintcodelo                        intcodelo    000020
__Lintentry                         intentry     000000
__Lintret                           intret       000000
__Lintsave_regs                     intsave_regs 000000
__Lirdata                           irdata       000000
__Lmediumconst                      mediumconst  000000
__LnvBANK0                          nvBANK0      000000
__LnvCOMRAM                         nvCOMRAM     000000
__LnvFARRAM                         nvFARRAM     000000
__Lnvbit                            nvbit        000000
__Lnvrram                           nvrram       000000
__Lparam                            rparam       000000
__Lpowerup                          powerup      000020
__Lram                              ram          000000
__Lramtop                           ramtop       001000
__Lrbit                             rbit         000000
__Lrbss                             rbss         000000
__Lrdata                            rdata        000000
__Lreset_vec                        reset_vec    000000
__Lrparam                           rparam       000000
__Lsfr                              sfr          000000
__Lsmallconst                       smallconst   000000
__Lspace_0                          (abs)        000000
__Lspace_1                          (abs)        000000
__Lspace_2                          (abs)        000000
__Lspace_4                          (abs)        000000
__Lstack                            stack        000000
__Lstruct                           struct       000000
__Ltemp                             temp         00005E
__Ltext                             text         000000
__Ltext0                            text0        000000
__Ltext1                            text1        000000
__Ltext10                           text10       000000
__Ltext11                           text11       000000
__Ltext12                           text12       000000
__Ltext13                           text13       000000
__Ltext14                           text14       000000
__Ltext15                           text15       000000
__Ltext16                           text16       000000
__Ltext17                           text17       000000
__Ltext18                           text18       000000
__Ltext19                           text19       000000
__Ltext2                            text2        000000
__Ltext20                           text20       000000
__Ltext21                           text21       000000
__Ltext22                           text22       000000
__Ltext23                           text23       000000
__Ltext24                           text24       000000
__Ltext25                           text25       000000
__Ltext26                           text26       000000
__Ltext27                           text27       000000
__Ltext28                           text28       000000
__Ltext29                           text29       000000
__Ltext3                            text3        000000
__Ltext30                           text30       000000
__Ltext31                           text31       000000
__Ltext32                           text32       000000
__Ltext33                           text33       000000
__Ltext34                           text34       000000
__Ltext36                           text36       000000
__Ltext4                            text4        000000
__Ltext5                            text5        000000
__Ltext6                            text6        000000
__Ltext7                            text7        000000
__Ltext8                            text8        000000
__Ltext9                            text9        000000
__S0                                (abs)        000D29
__S1                                (abs)        000062
__S4                                (abs)        000000
__S5                                (abs)        000000
___awmod                            text16       00084E
___awmod@counter                    cstackCOMRAM 000017
___awmod@dividend                   cstackCOMRAM 000013
___awmod@divisor                    cstackCOMRAM 000015
___awmod@sign                       cstackCOMRAM 000018
___flge                             text28       0005E6
___flge@ff1                         cstackCOMRAM 000027
___flge@ff2                         cstackCOMRAM 00002B
___heap_hi                          (abs)        000000
___heap_lo                          (abs)        000000
___inthi_sp                         stack        000000
___intlo_sp                         stack        000000
___lmul                             text15       000A00
___lmul@multiplicand                cstackCOMRAM 000005
___lmul@multiplier                  cstackCOMRAM 000001
___lmul@product                     cstackCOMRAM 000009
___param_bank                       (abs)        000000
___rparam_used                      (abs)        000001
___sp                               stack        000000
___xxtofl                           text27       0001F2
___xxtofl@arg                       cstackCOMRAM 000023
___xxtofl@exp                       cstackCOMRAM 000022
___xxtofl@sign                      cstackCOMRAM 000021
___xxtofl@val                       cstackCOMRAM 000019
__accesstop                         (abs)        000060
__activetblptr                      (abs)        000002
__end_of_High_Priority_Interrupt    intcode      000020
__end_of_INTENSIDAd                 text20       0004CA
__end_of_Inicializar                text29       000C96
__end_of_Inicializar_INTENSIDAd     text34       000D04
__end_of_Inicializar_LED            text33       000BCA
__end_of_Inicializar_SWITCH         text32       000CDE
__end_of_LED                        text17       000994
__end_of_MDE4                       text8        0005E6
__end_of_MaquinaDeEstados           text1        000B26
__end_of_SWITCH                     text2        0001F2
__end_of___awmod                    text16       0008FE
__end_of___flge                     text28       0006EA
__end_of___lmul                     text15       000A6A
__end_of___xxtofl                   text27       0003A6
__end_of__initialization            cinit        000BE8
__end_of_e_antirebote               text26       000AD4
__end_of_e_noSimular                text13       00084E
__end_of_e_simular                  text12       00079C
__end_of_f_apagar                   text19       000D26
__end_of_f_encender                 text18       000D22
__end_of_f_intdown                  text24       000B96
__end_of_f_intoff                   text7        000D1A
__end_of_f_inton                    text6        000D1E
__end_of_f_intup                    text23       000B5E
__end_of_f_noSimula                 text11       000D28
__end_of_f_position                 text5        000D14
__end_of_iniciar_timer0             text31       000CFA
__end_of_main                       text0        000CEE
__end_of_rand                       text14       000A00
__end_of_recargar_timer             text36       000D0E
__end_of_s_llave_down               text22       000C68
__end_of_s_llave_off                text4        000C80
__end_of_s_llave_on                 text3        000C30
__end_of_s_llave_up                 text21       000C4C
__end_of_t_antirebote               text25       000CCC
__end_of_t_noSimular                text10       000CBA
__end_of_t_simular                  text9        000CA8
__end_of_timer0_config              text30       000C14
__initialization                    cinit        000BCA
__mediumconst                       mediumconst  000000
__pbssCOMRAM                        bssCOMRAM    00003F
__pcinit                            cinit        000BCA
__pcstackCOMRAM                     cstackCOMRAM 000001
__pdataCOMRAM                       dataCOMRAM   00005D
__pidataCOMRAM                      idataCOMRAM  000D28
__pintcode                          intcode      000008
__pnvBANK0                          nvBANK0      000060
__pnvCOMRAM                         nvCOMRAM     000055
__ptext0                            text0        000CDE
__ptext1                            text1        000AD4
__ptext10                           text10       000CA8
__ptext11                           text11       000D26
__ptext12                           text12       0006EA
__ptext13                           text13       00079C
__ptext14                           text14       000994
__ptext15                           text15       000A00
__ptext16                           text16       00084E
__ptext17                           text17       0008FE
__ptext18                           text18       000D1E
__ptext19                           text19       000D22
__ptext2                            text2        000024
__ptext20                           text20       0003A6
__ptext21                           text21       000C30
__ptext22                           text22       000C4C
__ptext23                           text23       000B26
__ptext24                           text24       000B5E
__ptext25                           text25       000CBA
__ptext26                           text26       000A6A
__ptext27                           text27       0001F2
__ptext28                           text28       0005E6
__ptext29                           text29       000C80
__ptext3                            text3        000C14
__ptext30                           text30       000BF6
__ptext31                           text31       000CEE
__ptext32                           text32       000CCC
__ptext33                           text33       000B96
__ptext34                           text34       000CFA
__ptext36                           text36       000D04
__ptext4                            text4        000C68
__ptext5                            text5        000D0E
__ptext6                            text6        000D1A
__ptext7                            text7        000D14
__ptext8                            text8        0004CA
__ptext9                            text9        000C96
__ramtop                            ramtop       001000
__smallconst                        smallconst   000000
_antiReboteCounter                  bssCOMRAM    00004F
_botonEstadoPrevio                  bssCOMRAM    00004D
_confirmado_off                     nvCOMRAM     00005B
_confirmado_on                      bssCOMRAM    00004B
_cuenta_interrup                    bssCOMRAM    000043
_e_antirebote                       text26       000A6A
_e_noSimular                        text13       00079C
_e_simular                          text12       0006EA
_f_apagar                           text19       000D22
_f_encender                         text18       000D1E
_f_intdown                          text24       000B5E
_f_intoff                           text7        000D14
_f_inton                            text6        000D1A
_f_intup                            text23       000B26
_f_noSimula                         text11       000D26
_f_position                         text5        000D0E
_iniciar_timer0                     text31       000CEE
_intensidadlvl                      bssCOMRAM    000049
_led_position                       dataCOMRAM   00005D
_main                               text0        000CDE
_rand                               text14       000994
_recargar_timer                     text36       000D04
_s_llave_down                       text22       000C4C
_s_llave_off                        text4        000C68
_s_llave_on                         text3        000C14
_s_llave_up                         text21       000C30
_seed                               bssCOMRAM    000051
_simulacion                         bssCOMRAM    000047
_t_antirebote                       text25       000CBA
_t_antirebote_ini                   bssCOMRAM    00003F
_t_noSimular                        text10       000CA8
_t_simular                          text9        000C96
_timer0_config                      text30       000BF6
btemp                               temp         00005E
e_antirebote@res                    cstackCOMRAM 000035
e_noSimular@res                     cstackCOMRAM 000039
e_noSimular@var                     cstackCOMRAM 000035
e_simular@res                       cstackCOMRAM 000039
e_simular@var                       cstackCOMRAM 000035
end_of_initialization               cinit        000BE8
int$flags                           temp         00005E
intlevel0                           text         000000
intlevel1                           text         000000
intlevel2                           text         000000
intlevel3                           text         000000
isa$std                             (abs)        000001
isa$xinst                           (abs)        000000
stackhi                             (abs)        000000
stacklo                             (abs)        000000
start                               init         000020
start_initialization                cinit        000BCA
ttemp5                              temp         00005F
ttemp6                              temp         000062
ttemp7                              temp         000066
wtemp8                              temp         00005F


MODULE INFORMATION

Module		Function		Class		Link	Load	Size
AP_FuncionesMDE.c
		_t_noSimular   		CODE           	0CA8	0000	18
		_s_llave_on    		CODE           	0C14	0000	28
		_s_llave_up    		CODE           	0C30	0000	28
		_s_llave_off   		CODE           	0C68	0000	24
		_s_llave_down  		CODE           	0C4C	0000	28
		_f_position    		CODE           	0D0E	0000	6
		_e_antirebote  		CODE           	0A6A	0000	106
		_f_intup       		CODE           	0B26	0000	56
		_f_encender    		CODE           	0D1E	0000	4
		_e_simular     		CODE           	06EA	0000	178
		_f_intoff      		CODE           	0D14	0000	6
		_t_antirebote  		CODE           	0CBA	0000	18
		_t_simular     		CODE           	0C96	0000	18
		_f_apagar      		CODE           	0D22	0000	4
		_f_noSimula    		CODE           	0D26	0000	2
		_e_noSimular   		CODE           	079C	0000	178
		_f_intdown     		CODE           	0B5E	0000	56
		_f_inton       		CODE           	0D1A	0000	4

AP_FuncionesMDE.c estimated size: 762

AP_Inicializacion.c
		_Inicializar   		CODE           	0C80	0000	22
		_recargar_timer		CODE           	0D04	0000	10
		_Inicializar_SWITCH		CODE           	0CCC	0000	18
		_Inicializar_LED		CODE           	0B96	0000	52
		_High_Priority_Interrupt		CODE           	0008	0000	24
		_timer0_config 		CODE           	0BF6	0000	30
		_iniciar_timer0		CODE           	0CEE	0000	12
		_Inicializar_INTENSIDAd		CODE           	0CFA	0000	10

AP_Inicializacion.c estimated size: 178

C:\Program Files\Microchip\xc8\v2.40\pic\sources\c99\common\rand.c
		_rand          		CODE           	0994	0000	108

C:\Program Files\Microchip\xc8\v2.40\pic\sources\c99\common\rand.c estimated size: 108

AP_MDE.c
		_INTENSIDAd    		CODE           	03A6	0000	292
		_LED           		CODE           	08FE	0000	150
		_SWITCH        		CODE           	0024	0000	462
		_MaquinaDeEstados		CODE           	0AD4	0000	82
		_MDE4          		CODE           	04CA	0000	284

AP_MDE.c estimated size: 1270

C:\Program Files\Microchip\xc8\v2.40\pic\sources\c99\common\Umul32.c
		___lmul        		CODE           	0A00	0000	106

C:\Program Files\Microchip\xc8\v2.40\pic\sources\c99\common\Umul32.c estimated size: 106

C:\Program Files\Microchip\xc8\v2.40\pic\sources\c99\common\xxtofl.c
		___xxtofl      		CODE           	01F2	0000	436

C:\Program Files\Microchip\xc8\v2.40\pic\sources\c99\common\xxtofl.c estimated size: 436

shared
		__initialization		CODE           	0BCA	0000	30

shared estimated size: 30

C:\Program Files\Microchip\xc8\v2.40\pic\sources\c99\common\flge.c
		___flge        		CODE           	05E6	0000	260

C:\Program Files\Microchip\xc8\v2.40\pic\sources\c99\common\flge.c estimated size: 260

C:\Program Files\Microchip\xc8\v2.40\pic\sources\c99\common\awmod.c
		___awmod       		CODE           	084E	0000	176

C:\Program Files\Microchip\xc8\v2.40\pic\sources\c99\common\awmod.c estimated size: 176

main.c
		_main          		CODE           	0CDE	0000	16

main.c estimated size: 16

